{"time":"2026-05-12T15:10:20.7732058+08:00","level":"INFO","msg":"cdk airdrop server starting","addr":":8088","dataFile":"data\\state.json"}
{"time":"2026-05-12T15:12:49.2312477+08:00","level":"INFO","msg":"request completed","requestId":"1778569969229953000-819724","method":"POST","path":"/api/auth/community-shortcut","status":200,"durationMs":1}
{"time":"2026-05-12T15:12:49.2561835+08:00","level":"INFO","msg":"request completed","requestId":"1778569969255141100-113246","method":"POST","path":"/api/admin/campaigns","status":200,"durationMs":1}
{"time":"2026-05-12T15:12:49.2634501+08:00","level":"INFO","msg":"distribution node created","nodeId":"GtALYQCd47aZ","slug":"captcha-306083","campaignId":"R3X1MoZ2L2Ls"}
{"time":"2026-05-12T15:12:49.2634501+08:00","level":"INFO","msg":"request completed","requestId":"1778569969262944900-385225","method":"POST","path":"/api/admin/nodes","status":200,"durationMs":0}
{"time":"2026-05-12T15:12:49.2670075+08:00","level":"INFO","msg":"request completed","requestId":"1778569969266001500-951494","method":"GET","path":"/api/public/claim/captcha-306083","status":200,"durationMs":1}
{"time":"2026-05-12T15:12:49.2696596+08:00","level":"INFO","msg":"request completed","requestId":"1778569969269659600-354347","method":"POST","path":"/api/public/claim/captcha-306083","status":400,"durationMs":0}
{"time":"2026-05-12T15:12:49.3061479+08:00","level":"INFO","msg":"request completed","requestId":"1778569969306147900-747847","method":"GET","path":"/api/admin/campaigns/R3X1MoZ2L2Ls/records","status":200,"durationMs":0}
{"time":"2026-05-12T15:13:39.2572435+08:00","level":"INFO","msg":"request completed","requestId":"1778570019256715800-981444","method":"POST","path":"/api/auth/community-shortcut","status":200,"durationMs":0}
{"time":"2026-05-12T15:13:39.2723043+08:00","level":"INFO","msg":"request completed","requestId":"1778570019272304300-709645","method":"GET","path":"/api/admin/campaigns","status":200,"durationMs":0}
{"time":"2026-05-12T15:13:39.2789827+08:00","level":"INFO","msg":"request completed","requestId":"1778570019278477400-201041","method":"DELETE","path":"/api/admin/campaigns/RZjFwqup3rL4","status":200,"durationMs":0}
{"time":"2026-05-12T15:13:39.2819052+08:00","level":"INFO","msg":"request completed","requestId":"1778570019281265500-966114","method":"DELETE","path":"/api/admin/campaigns/R3X1MoZ2L2Ls","status":200,"durationMs":0}
{"time":"2026-05-12T15:14:33.2763621+08:00","level":"INFO","msg":"request completed","requestId":"1778570073276362100-346372","method":"GET","path":"/api/admin/dashboard","status":200,"durationMs":0}
{"time":"2026-05-12T15:14:33.2822572+08:00","level":"INFO","msg":"request completed","requestId":"1778570073281589300-982398","method":"GET","path":"/api/admin/dashboard","status":200,"durationMs":0}
{"time":"2026-05-12T15:14:43.132238+08:00","level":"INFO","msg":"request completed","requestId":"1778570083131162900-015752","method":"GET","path":"/api/public/claim/song-free","status":200,"durationMs":1}
{"time":"2026-05-12T15:14:43.137698+08:00","level":"INFO","msg":"request completed","requestId":"1778570083136144100-422897","method":"GET","path":"/api/public/claim/song-free","status":200,"durationMs":1}
{"time":"2026-05-12T15:14:51.625853+08:00","level":"INFO","msg":"request completed","requestId":"1778570091624259700-650726","method":"GET","path":"/api/public/claim/song-free","status":200,"durationMs":1}
{"time":"2026-05-12T15:14:51.6325844+08:00","level":"INFO","msg":"request completed","requestId":"1778570091630928000-009280","method":"GET","path":"/api/public/claim/song-free","status":200,"durationMs":1}
{"time":"2026-05-12T15:14:53.194137+08:00","level":"INFO","msg":"request completed","requestId":"1778570093192397800-681076","method":"GET","path":"/api/public/claim/song-free","status":200,"durationMs":1}
{"time":"2026-05-12T15:14:53.1996736+08:00","level":"INFO","msg":"request completed","requestId":"1778570093198617500-261549","method":"GET","path":"/api/public/claim/song-free","status":200,"durationMs":1}
{"time":"2026-05-12T15:15:05.337677+08:00","level":"INFO","msg":"request completed","requestId":"1778570105337677000-400840","method":"GET","path":"/api/admin/campaigns","status":200,"durationMs":0}
{"time":"2026-05-12T15:15:05.3510279+08:00","level":"INFO","msg":"request completed","requestId":"1778570105351027900-940029","method":"GET","path":"/api/admin/campaigns","status":200,"durationMs":0}
{"time":"2026-05-12T15:15:09.6674077+08:00","level":"INFO","msg":"request completed","requestId":"1778570109667407700-202317","method":"GET","path":"/api/admin/nodes","status":200,"durationMs":0}
{"time":"2026-05-12T15:15:09.6775076+08:00","level":"INFO","msg":"request completed","requestId":"1778570109677507600-420793","method":"GET","path":"/api/admin/campaigns","status":200,"durationMs":0}
{"time":"2026-05-12T15:15:09.6780983+08:00","level":"INFO","msg":"request completed","requestId":"1778570109678098300-017142","method":"GET","path":"/api/admin/nodes","status":200,"durationMs":0}
{"time":"2026-05-12T15:15:09.6819248+08:00","level":"INFO","msg":"request completed","requestId":"1778570109681924800-622160","method":"GET","path":"/api/admin/campaigns","status":200,"durationMs":0}
{"time":"2026-05-12T15:15:30.346687+08:00","level":"INFO","msg":"request completed","requestId":"1778570130345617900-202938","method":"GET","path":"/api/public/claim/wQLCOnhn","status":200,"durationMs":1}
{"time":"2026-05-12T15:15:30.3512634+08:00","level":"INFO","msg":"request completed","requestId":"1778570130350197800-904228","method":"GET","path":"/api/public/claim/wQLCOnhn","status":200,"durationMs":1}
{"time":"2026-05-12T15:15:34.0294086+08:00","level":"INFO","msg":"claim success","slug":"wQLCOnhn","fingerprint":"07544004-9bdf-4002-948a-66f69f5f996f"}
{"time":"2026-05-12T15:15:34.0389536+08:00","level":"INFO","msg":"request completed","requestId":"1778570134027792600-958579","method":"POST","path":"/api/public/claim/wQLCOnhn","status":200,"durationMs":11}
{"time":"2026-05-12T15:15:34.0471713+08:00","level":"INFO","msg":"request completed","requestId":"1778570134046014700-711020","method":"GET","path":"/api/public/claim/wQLCOnhn","status":200,"durationMs":1}
{"time":"2026-05-12T15:15:34.0591683+08:00","level":"INFO","msg":"request completed","requestId":"1778570134059168300-384685","method":"GET","path":"/api/public/claim/wQLCOnhn/result","status":200,"durationMs":0}
{"time":"2026-05-12T15:15:42.2528431+08:00","level":"INFO","msg":"request completed","requestId":"1778570142250657500-877997","method":"GET","path":"/api/public/claim/wQLCOnhn","status":200,"durationMs":2}
{"time":"2026-05-12T15:15:42.2676739+08:00","level":"INFO","msg":"request completed","requestId":"1778570142266250400-267106","method":"GET","path":"/api/public/claim/wQLCOnhn","status":200,"durationMs":1}
{"time":"2026-05-12T15:15:42.2710388+08:00","level":"INFO","msg":"request completed","requestId":"1778570142271038800-741816","method":"GET","path":"/api/public/claim/wQLCOnhn/result","status":200,"durationMs":0}
{"time":"2026-05-12T15:15:42.2751689+08:00","level":"INFO","msg":"request completed","requestId":"1778570142275168900-620395","method":"GET","path":"/api/public/claim/wQLCOnhn/result","status":200,"durationMs":0}
{"time":"2026-05-12T15:15:57.2566226+08:00","level":"INFO","msg":"request completed","requestId":"1778570157256622600-310085","method":"GET","path":"/api/admin/dashboard","status":200,"durationMs":0}
{"time":"2026-05-12T15:15:57.2617231+08:00","level":"INFO","msg":"request completed","requestId":"1778570157261218000-263609","method":"GET","path":"/api/admin/dashboard","status":200,"durationMs":0}
{"time":"2026-05-12T15:16:06.8973481+08:00","level":"INFO","msg":"request completed","requestId":"1778570166897348100-999987","method":"GET","path":"/api/admin/campaigns","status":200,"durationMs":0}
{"time":"2026-05-12T15:16:06.9106551+08:00","level":"INFO","msg":"request completed","requestId":"1778570166910655100-701361","method":"GET","path":"/api/admin/campaigns","status":200,"durationMs":0}
{"time":"2026-05-12T15:16:09.5969085+08:00","level":"INFO","msg":"request completed","requestId":"1778570169596328000-313930","method":"GET","path":"/api/admin/nodes","status":200,"durationMs":0}
{"time":"2026-05-12T15:16:09.5969085+08:00","level":"INFO","msg":"request completed","requestId":"1778570169596908500-374300","method":"GET","path":"/api/admin/campaigns","status":200,"durationMs":0}
{"time":"2026-05-12T15:16:09.6024299+08:00","level":"INFO","msg":"request completed","requestId":"1778570169601825600-401000","method":"GET","path":"/api/admin/nodes","status":200,"durationMs":0}
{"time":"2026-05-12T15:16:09.6042714+08:00","level":"INFO","msg":"request completed","requestId":"1778570169604271400-483427","method":"GET","path":"/api/admin/campaigns","status":200,"durationMs":0}
{"time":"2026-05-12T15:16:11.2597638+08:00","level":"INFO","msg":"request completed","requestId":"1778570171259763800-654430","method":"GET","path":"/api/admin/health","status":200,"durationMs":0}
{"time":"2026-05-12T15:16:11.272249+08:00","level":"INFO","msg":"request completed","requestId":"1778570171272249000-852470","method":"GET","path":"/api/admin/health","status":200,"durationMs":0}
{"time":"2026-05-12T15:16:55.0332912+08:00","level":"INFO","msg":"request completed","requestId":"1778570215032783100-377645","method":"GET","path":"/api/admin/dashboard","status":200,"durationMs":0}
{"time":"2026-05-12T15:16:55.0379065+08:00","level":"INFO","msg":"request completed","requestId":"1778570215037397300-169116","method":"GET","path":"/api/admin/dashboard","status":200,"durationMs":0}
{"time":"2026-05-12T15:19:53.3721773+08:00","level":"INFO","msg":"request completed","requestId":"1778570393372177300-366638","method":"GET","path":"/api/admin/nodes","status":200,"durationMs":0}
{"time":"2026-05-12T15:19:53.3721773+08:00","level":"INFO","msg":"request completed","requestId":"1778570393372177300-096210","method":"GET","path":"/api/admin/campaigns","status":200,"durationMs":0}
{"time":"2026-05-12T15:19:53.3768188+08:00","level":"INFO","msg":"request completed","requestId":"1778570393376818800-527346","method":"GET","path":"/api/admin/nodes","status":200,"durationMs":0}
{"time":"2026-05-12T15:19:53.3778275+08:00","level":"INFO","msg":"request completed","requestId":"1778570393377827500-367343","method":"GET","path":"/api/admin/campaigns","status":200,"durationMs":0}
{"time":"2026-05-12T15:19:54.0259346+08:00","level":"INFO","msg":"request completed","requestId":"1778570394025934600-339644","method":"GET","path":"/api/admin/campaigns","status":200,"durationMs":0}
{"time":"2026-05-12T15:19:54.0387556+08:00","level":"INFO","msg":"request completed","requestId":"1778570394038755600-360819","method":"GET","path":"/api/admin/campaigns","status":200,"durationMs":0}
{"time":"2026-05-12T15:19:54.4242774+08:00","level":"INFO","msg":"request completed","requestId":"1778570394423771200-674382","method":"GET","path":"/api/admin/dashboard","status":200,"durationMs":0}
{"time":"2026-05-12T15:19:54.4286874+08:00","level":"INFO","msg":"request completed","requestId":"1778570394428174700-042526","method":"GET","path":"/api/admin/dashboard","status":200,"durationMs":0}
{"time":"2026-05-12T15:26:49.7441304+08:00","level":"INFO","msg":"request completed","requestId":"1778570809743623400-959660","method":"GET","path":"/api/admin/dashboard","status":200,"durationMs":0}
{"time":"2026-05-12T15:26:49.7499036+08:00","level":"INFO","msg":"request completed","requestId":"1778570809749392400-218530","method":"GET","path":"/api/admin/dashboard","status":200,"durationMs":0}
{"time":"2026-05-12T15:26:50.8966876+08:00","level":"INFO","msg":"request completed","requestId":"1778570810896223200-070056","method":"GET","path":"/api/admin/campaigns","status":200,"durationMs":0}
{"time":"2026-05-12T15:26:50.9014349+08:00","level":"INFO","msg":"request completed","requestId":"1778570810901434900-464851","method":"GET","path":"/api/admin/campaigns","status":200,"durationMs":0}
{"time":"2026-05-12T15:26:52.002538+08:00","level":"INFO","msg":"request completed","requestId":"1778570812002030700-297402","method":"GET","path":"/api/admin/dashboard","status":200,"durationMs":0}
{"time":"2026-05-12T15:26:52.0073495+08:00","level":"INFO","msg":"request completed","requestId":"1778570812007349500-005882","method":"GET","path":"/api/admin/dashboard","status":200,"durationMs":0}
{"time":"2026-05-12T15:26:53.4351158+08:00","level":"INFO","msg":"request completed","requestId":"1778570813434608000-479138","method":"GET","path":"/api/admin/dashboard","status":200,"durationMs":0}
{"time":"2026-05-12T15:26:53.4405487+08:00","level":"INFO","msg":"request completed","requestId":"1778570813440040400-318500","method":"GET","path":"/api/admin/dashboard","status":200,"durationMs":0}
{"time":"2026-05-12T15:26:54.7545248+08:00","level":"INFO","msg":"request completed","requestId":"1778570814754018300-528520","method":"GET","path":"/api/admin/campaigns","status":200,"durationMs":0}
{"time":"2026-05-12T15:26:54.7672666+08:00","level":"INFO","msg":"request completed","requestId":"1778570814767266600-155069","method":"GET","path":"/api/admin/campaigns","status":200,"durationMs":0}
{"time":"2026-05-12T15:26:55.7455388+08:00","level":"INFO","msg":"request completed","requestId":"1778570815744032100-006894","method":"GET","path":"/api/admin/nodes","status":200,"durationMs":1}
{"time":"2026-05-12T15:26:55.7455388+08:00","level":"INFO","msg":"request completed","requestId":"1778570815745538800-972480","method":"GET","path":"/api/admin/campaigns","status":200,"durationMs":0}
{"time":"2026-05-12T15:26:55.7506033+08:00","level":"INFO","msg":"request completed","requestId":"1778570815750603300-522969","method":"GET","path":"/api/admin/nodes","status":200,"durationMs":0}
{"time":"2026-05-12T15:26:55.7512242+08:00","level":"INFO","msg":"request completed","requestId":"1778570815750603300-310657","method":"GET","path":"/api/admin/campaigns","status":200,"durationMs":0}
{"time":"2026-05-12T15:26:56.7215112+08:00","level":"INFO","msg":"request completed","requestId":"1778570816721007000-239265","method":"GET","path":"/api/admin/dashboard","status":200,"durationMs":0}
{"time":"2026-05-12T15:26:56.724599+08:00","level":"INFO","msg":"request completed","requestId":"1778570816724599000-998252","method":"GET","path":"/api/admin/dashboard","status":200,"durationMs":0}
{"time":"2026-05-12T15:26:57.7718202+08:00","level":"INFO","msg":"request completed","requestId":"1778570817771316300-801192","method":"GET","path":"/api/admin/dashboard","status":200,"durationMs":0}
{"time":"2026-05-12T15:26:57.776906+08:00","level":"INFO","msg":"request completed","requestId":"1778570817776400700-778172","method":"GET","path":"/api/admin/dashboard","status":200,"durationMs":0}
{"time":"2026-05-12T15:26:58.6542275+08:00","level":"INFO","msg":"request completed","requestId":"1778570818653631000-807157","method":"GET","path":"/api/admin/dashboard","status":200,"durationMs":0}
{"time":"2026-05-12T15:26:58.6587151+08:00","level":"INFO","msg":"request completed","requestId":"1778570818658197100-223283","method":"GET","path":"/api/admin/dashboard","status":200,"durationMs":0}
{"time":"2026-05-12T15:26:59.3809151+08:00","level":"INFO","msg":"request completed","requestId":"1778570819380915100-782971","method":"GET","path":"/api/admin/dashboard","status":200,"durationMs":0}
{"time":"2026-05-12T15:26:59.386188+08:00","level":"INFO","msg":"request completed","requestId":"1778570819385674900-384237","method":"GET","path":"/api/admin/dashboard","status":200,"durationMs":0}
{"time":"2026-05-12T15:27:00.0589048+08:00","level":"INFO","msg":"request completed","requestId":"1778570820058397700-980095","method":"GET","path":"/api/admin/dashboard","status":200,"durationMs":0}
{"time":"2026-05-12T15:27:00.064453+08:00","level":"INFO","msg":"request completed","requestId":"1778570820063947500-147887","method":"GET","path":"/api/admin/dashboard","status":200,"durationMs":0}
{"time":"2026-05-12T15:27:01.498467+08:00","level":"INFO","msg":"request completed","requestId":"1778570821498467000-989975","method":"GET","path":"/api/admin/health","status":200,"durationMs":0}
{"time":"2026-05-12T15:27:01.5025141+08:00","level":"INFO","msg":"request completed","requestId":"1778570821502514100-545297","method":"GET","path":"/api/admin/health","status":200,"durationMs":0}
{"time":"2026-05-12T15:27:02.464992+08:00","level":"INFO","msg":"request completed","requestId":"1778570822464487200-391657","method":"GET","path":"/api/admin/dashboard","status":200,"durationMs":0}
{"time":"2026-05-12T15:27:02.469306+08:00","level":"INFO","msg":"request completed","requestId":"1778570822468777500-991023","method":"GET","path":"/api/admin/dashboard","status":200,"durationMs":0}
{"time":"2026-05-12T15:27:03.5265999+08:00","level":"INFO","msg":"request completed","requestId":"1778570823525594300-149604","method":"GET","path":"/api/admin/dashboard","status":200,"durationMs":1}
{"time":"2026-05-12T15:27:03.530254+08:00","level":"INFO","msg":"request completed","requestId":"1778570823530254000-598558","method":"GET","path":"/api/admin/dashboard","status":200,"durationMs":0}
{"time":"2026-05-12T15:27:04.1262348+08:00","level":"INFO","msg":"request completed","requestId":"1778570824125721300-125973","method":"GET","path":"/api/admin/dashboard","status":200,"durationMs":0}
{"time":"2026-05-12T15:27:04.1308694+08:00","level":"INFO","msg":"request completed","requestId":"1778570824130362600-072953","method":"GET","path":"/api/admin/dashboard","status":200,"durationMs":0}
{"time":"2026-05-12T15:27:22.3849281+08:00","level":"INFO","msg":"request completed","requestId":"1778570842384928100-600567","method":"GET","path":"/api/admin/dashboard","status":200,"durationMs":0}
{"time":"2026-05-12T15:27:22.3879581+08:00","level":"INFO","msg":"request completed","requestId":"1778570842387958100-938357","method":"GET","path":"/api/admin/dashboard","status":200,"durationMs":0}
{"time":"2026-05-12T15:28:51.3608622+08:00","level":"INFO","msg":"request completed","requestId":"1778570931360159300-246616","method":"GET","path":"/api/admin/health","status":200,"durationMs":0}
{"time":"2026-05-12T15:28:51.3608622+08:00","level":"INFO","msg":"request completed","requestId":"1778570931360159300-126337","method":"GET","path":"/api/admin/dashboard","status":200,"durationMs":0}
{"time":"2026-05-12T15:34:15.7624534+08:00","level":"INFO","msg":"request completed","requestId":"1778571255761799600-122536","method":"GET","path":"/api/admin/dashboard","status":200,"durationMs":0}
{"time":"2026-05-12T15:34:15.7667512+08:00","level":"INFO","msg":"request completed","requestId":"1778571255766240000-238146","method":"GET","path":"/api/admin/dashboard","status":200,"durationMs":0}
{"time":"2026-05-12T15:34:18.364809+08:00","level":"INFO","msg":"request completed","requestId":"1778571258364809000-132097","method":"GET","path":"/api/admin/nodes","status":200,"durationMs":0}
{"time":"2026-05-12T15:34:18.364809+08:00","level":"INFO","msg":"request completed","requestId":"1778571258364809000-894981","method":"GET","path":"/api/admin/campaigns","status":200,"durationMs":0}
{"time":"2026-05-12T15:34:18.3679578+08:00","level":"INFO","msg":"request completed","requestId":"1778571258367957800-695779","method":"GET","path":"/api/admin/nodes","status":200,"durationMs":0}
{"time":"2026-05-12T15:34:18.379159+08:00","level":"INFO","msg":"request completed","requestId":"1778571258379159000-169767","method":"GET","path":"/api/admin/campaigns","status":200,"durationMs":0}
{"time":"2026-05-12T15:34:19.5822063+08:00","level":"INFO","msg":"request completed","requestId":"1778571259581656400-797941","method":"GET","path":"/api/admin/dashboard","status":200,"durationMs":0}
{"time":"2026-05-12T15:34:19.5858306+08:00","level":"INFO","msg":"request completed","requestId":"1778571259585325400-782049","method":"GET","path":"/api/admin/dashboard","status":200,"durationMs":0}
{"time":"2026-05-12T15:34:20.7413357+08:00","level":"INFO","msg":"request completed","requestId":"1778571260741335700-512517","method":"GET","path":"/api/admin/campaigns","status":200,"durationMs":0}
{"time":"2026-05-12T15:34:20.7465637+08:00","level":"INFO","msg":"request completed","requestId":"1778571260746563700-019147","method":"GET","path":"/api/admin/campaigns","status":200,"durationMs":0}
{"time":"2026-05-12T15:34:25.3705709+08:00","level":"INFO","msg":"request completed","requestId":"1778571265370570900-993051","method":"GET","path":"/api/admin/health","status":200,"durationMs":0}
{"time":"2026-05-12T15:34:25.3705709+08:00","level":"INFO","msg":"request completed","requestId":"1778571265370570900-455517","method":"GET","path":"/api/admin/dashboard","status":200,"durationMs":0}
{"time":"2026-05-12T15:34:25.3761471+08:00","level":"INFO","msg":"request completed","requestId":"1778571265375538100-134934","method":"GET","path":"/api/admin/dashboard","status":200,"durationMs":0}
{"time":"2026-05-12T15:34:25.3791451+08:00","level":"INFO","msg":"request completed","requestId":"1778571265378210700-389412","method":"GET","path":"/api/admin/health","status":200,"durationMs":0}
{"time":"2026-05-12T15:34:26.9581014+08:00","level":"INFO","msg":"request completed","requestId":"1778571266958101400-286284","method":"GET","path":"/api/admin/campaigns","status":200,"durationMs":0}
{"time":"2026-05-12T15:34:26.9617132+08:00","level":"INFO","msg":"request completed","requestId":"1778571266961713200-857592","method":"GET","path":"/api/admin/campaigns","status":200,"durationMs":0}
{"time":"2026-05-12T15:34:31.0610174+08:00","level":"INFO","msg":"request completed","requestId":"1778571271061017400-399193","method":"GET","path":"/api/admin/dashboard","status":200,"durationMs":0}
{"time":"2026-05-12T15:34:31.0661403+08:00","level":"INFO","msg":"request completed","requestId":"1778571271066140300-969645","method":"GET","path":"/api/admin/dashboard","status":200,"durationMs":0}
{"time":"2026-05-12T15:34:40.6637189+08:00","level":"INFO","msg":"request completed","requestId":"1778571280663718900-284802","method":"GET","path":"/api/admin/nodes","status":200,"durationMs":0}
{"time":"2026-05-12T15:34:40.6737918+08:00","level":"INFO","msg":"request completed","requestId":"1778571280673791800-597169","method":"GET","path":"/api/admin/campaigns","status":200,"durationMs":0}
{"time":"2026-05-12T15:34:40.6743413+08:00","level":"INFO","msg":"request completed","requestId":"1778571280673791800-163483","method":"GET","path":"/api/admin/nodes","status":200,"durationMs":0}
{"time":"2026-05-12T15:34:40.6797999+08:00","level":"INFO","msg":"request completed","requestId":"1778571280679799900-406878","method":"GET","path":"/api/admin/campaigns","status":200,"durationMs":0}
{"time":"2026-05-12T15:34:45.2410959+08:00","level":"INFO","msg":"request completed","requestId":"1778571285239279300-970782","method":"GET","path":"/api/admin/dashboard","status":200,"durationMs":1}
{"time":"2026-05-12T15:34:45.2441526+08:00","level":"INFO","msg":"request completed","requestId":"1778571285244152600-997015","method":"GET","path":"/api/admin/dashboard","status":200,"durationMs":0}
{"time":"2026-05-12T15:34:49.4479949+08:00","level":"INFO","msg":"request completed","requestId":"1778571289447994900-800276","method":"GET","path":"/api/admin/health","status":200,"durationMs":0}
{"time":"2026-05-12T15:34:49.4479949+08:00","level":"INFO","msg":"request completed","requestId":"1778571289447438300-154533","method":"GET","path":"/api/admin/dashboard","status":200,"durationMs":0}
{"time":"2026-05-12T15:34:49.4533094+08:00","level":"INFO","msg":"request completed","requestId":"1778571289452727600-366034","method":"GET","path":"/api/admin/dashboard","status":200,"durationMs":0}
{"time":"2026-05-12T15:34:49.4554601+08:00","level":"INFO","msg":"request completed","requestId":"1778571289455460100-549312","method":"GET","path":"/api/admin/health","status":200,"durationMs":0}
{"time":"2026-05-12T15:45:05.4519849+08:00","level":"INFO","msg":"request completed","requestId":"1778571905451984900-424098","method":"GET","path":"/api/me","status":200,"durationMs":0}
{"time":"2026-05-12T15:45:05.4525711+08:00","level":"INFO","msg":"request completed","requestId":"1778571905452571100-691278","method":"GET","path":"/api/admin/health","status":200,"durationMs":0}
{"time":"2026-05-12T15:45:05.4525711+08:00","level":"INFO","msg":"request completed","requestId":"1778571905452571100-250934","method":"GET","path":"/api/admin/dashboard","status":200,"durationMs":0}
{"time":"2026-05-12T15:45:05.4637966+08:00","level":"INFO","msg":"request completed","requestId":"1778571905463285400-538411","method":"GET","path":"/api/admin/dashboard","status":200,"durationMs":0}
{"time":"2026-05-12T16:07:25.2889706+08:00","level":"INFO","msg":"request completed","requestId":"1778573245288970600-207785","method":"GET","path":"/api/admin/dashboard","status":200,"durationMs":0}
{"time":"2026-05-12T16:07:25.2889706+08:00","level":"INFO","msg":"request completed","requestId":"1778573245288970600-569997","method":"GET","path":"/api/admin/health","status":200,"durationMs":0}
{"time":"2026-05-12T16:07:25.29949+08:00","level":"INFO","msg":"request completed","requestId":"1778573245298962900-111323","method":"GET","path":"/api/admin/dashboard","status":200,"durationMs":0}
{"time":"2026-05-12T16:07:25.3045732+08:00","level":"INFO","msg":"request completed","requestId":"1778573245304573200-614560","method":"GET","path":"/api/admin/health","status":200,"durationMs":0}
{"time":"2026-05-12T16:07:26.4283369+08:00","level":"INFO","msg":"request completed","requestId":"1778573246428336900-362921","method":"GET","path":"/api/admin/campaigns","status":200,"durationMs":0}
{"time":"2026-05-12T16:07:26.4416007+08:00","level":"INFO","msg":"request completed","requestId":"1778573246441600700-474323","method":"GET","path":"/api/admin/campaigns","status":200,"durationMs":0}
{"time":"2026-05-12T16:07:27.1266901+08:00","level":"INFO","msg":"request completed","requestId":"1778573247126690100-808482","method":"GET","path":"/api/admin/dashboard","status":200,"durationMs":0}
{"time":"2026-05-12T16:07:27.1298206+08:00","level":"INFO","msg":"request completed","requestId":"1778573247129820600-157194","method":"GET","path":"/api/admin/dashboard","status":200,"durationMs":0}
{"time":"2026-05-12T16:07:28.0029549+08:00","level":"INFO","msg":"request completed","requestId":"1778573248002954900-781863","method":"GET","path":"/api/admin/nodes","status":200,"durationMs":0}
{"time":"2026-05-12T16:07:28.0039876+08:00","level":"INFO","msg":"request completed","requestId":"1778573248003987600-839782","method":"GET","path":"/api/admin/campaigns","status":200,"durationMs":0}
{"time":"2026-05-12T16:07:28.009215+08:00","level":"INFO","msg":"request completed","requestId":"1778573248008242500-123499","method":"GET","path":"/api/admin/nodes","status":200,"durationMs":0}
{"time":"2026-05-12T16:07:28.0103098+08:00","level":"INFO","msg":"request completed","requestId":"1778573248010309800-402748","method":"GET","path":"/api/admin/campaigns","status":200,"durationMs":0}
{"time":"2026-05-12T16:07:30.0983818+08:00","level":"INFO","msg":"request completed","requestId":"1778573250098381800-214658","method":"GET","path":"/api/admin/dashboard","status":200,"durationMs":0}
{"time":"2026-05-12T16:07:30.107258+08:00","level":"INFO","msg":"request completed","requestId":"1778573250107258000-477604","method":"GET","path":"/api/admin/dashboard","status":200,"durationMs":0}
{"time":"2026-05-12T16:07:35.6987339+08:00","level":"INFO","msg":"request completed","requestId":"1778573255698733900-994524","method":"GET","path":"/api/admin/health","status":200,"durationMs":0}
{"time":"2026-05-12T16:07:35.6987339+08:00","level":"INFO","msg":"request completed","requestId":"1778573255698733900-401235","method":"GET","path":"/api/admin/dashboard","status":200,"durationMs":0}
{"time":"2026-05-12T16:07:35.702615+08:00","level":"INFO","msg":"request completed","requestId":"1778573255702084400-190206","method":"GET","path":"/api/admin/dashboard","status":200,"durationMs":0}
{"time":"2026-05-12T16:07:35.7092893+08:00","level":"INFO","msg":"request completed","requestId":"1778573255709289300-287686","method":"GET","path":"/api/admin/health","status":200,"durationMs":0}
{"time":"2026-05-12T16:07:37.3243694+08:00","level":"INFO","msg":"request completed","requestId":"1778573257324369400-285845","method":"GET","path":"/api/admin/projects","status":200,"durationMs":0}
{"time":"2026-05-12T16:07:37.3284143+08:00","level":"INFO","msg":"request completed","requestId":"1778573257328414300-387277","method":"GET","path":"/api/admin/projects","status":200,"durationMs":0}
{"time":"2026-05-12T16:07:53.8968611+08:00","level":"INFO","msg":"request completed","requestId":"1778573273896861100-074879","method":"GET","path":"/api/admin/dashboard","status":200,"durationMs":0}
{"time":"2026-05-12T16:07:53.900498+08:00","level":"INFO","msg":"request completed","requestId":"1778573273900498000-765903","method":"GET","path":"/api/admin/dashboard","status":200,"durationMs":0}
{"time":"2026-05-12T16:07:55.8594429+08:00","level":"INFO","msg":"request completed","requestId":"1778573275859442900-644203","method":"GET","path":"/api/admin/health","status":200,"durationMs":0}
{"time":"2026-05-12T16:07:55.8599515+08:00","level":"INFO","msg":"request completed","requestId":"1778573275859442900-083873","method":"GET","path":"/api/admin/dashboard","status":200,"durationMs":0}
{"time":"2026-05-12T16:07:55.8637055+08:00","level":"INFO","msg":"request completed","requestId":"1778573275863147400-802124","method":"GET","path":"/api/admin/dashboard","status":200,"durationMs":0}
{"time":"2026-05-12T16:07:55.8732212+08:00","level":"INFO","msg":"request completed","requestId":"1778573275873221200-249038","method":"GET","path":"/api/admin/health","status":200,"durationMs":0}
{"time":"2026-05-12T16:09:06.321304+08:00","level":"INFO","msg":"request completed","requestId":"1778573346321304000-810516","method":"GET","path":"/api/admin/health","status":200,"durationMs":0}
{"time":"2026-05-12T16:09:06.321304+08:00","level":"INFO","msg":"request completed","requestId":"1778573346321304000-635786","method":"GET","path":"/api/admin/dashboard","status":200,"durationMs":0}
{"time":"2026-05-12T16:09:06.329667+08:00","level":"INFO","msg":"request completed","requestId":"1778573346329667000-770019","method":"GET","path":"/api/admin/health","status":200,"durationMs":0}
{"time":"2026-05-12T16:09:06.329667+08:00","level":"INFO","msg":"request completed","requestId":"1778573346329667000-278102","method":"GET","path":"/api/admin/dashboard","status":200,"durationMs":0}
{"time":"2026-05-12T16:46:29.3968843+08:00","level":"INFO","msg":"request completed","requestId":"1778575589396884300-403326","method":"GET","path":"/api/me","status":200,"durationMs":0}
{"time":"2026-05-12T16:46:29.3968843+08:00","level":"INFO","msg":"request completed","requestId":"1778575589396884300-546077","method":"GET","path":"/api/admin/health","status":200,"durationMs":0}
{"time":"2026-05-12T16:46:29.3968843+08:00","level":"INFO","msg":"request completed","requestId":"1778575589396378300-431862","method":"GET","path":"/api/admin/dashboard","status":200,"durationMs":0}
{"time":"2026-05-12T16:46:29.3985534+08:00","level":"INFO","msg":"request completed","requestId":"1778575589398553400-078041","method":"GET","path":"/api/admin/dashboard","status":200,"durationMs":0}
{"time":"2026-05-12T16:51:59.9699115+08:00","level":"INFO","msg":"request completed","requestId":"1778575919969911500-144818","method":"GET","path":"/api/admin/health","status":200,"durationMs":0}
{"time":"2026-05-12T16:51:59.9699115+08:00","level":"INFO","msg":"request completed","requestId":"1778575919969403500-689442","method":"GET","path":"/api/admin/dashboard","status":200,"durationMs":0}
{"time":"2026-05-12T16:51:59.9699115+08:00","level":"INFO","msg":"request completed","requestId":"1778575919969911500-690113","method":"GET","path":"/api/me","status":200,"durationMs":0}
{"time":"2026-05-12T16:51:59.9764306+08:00","level":"INFO","msg":"request completed","requestId":"1778575919976430600-169962","method":"GET","path":"/api/admin/health","status":200,"durationMs":0}
{"time":"2026-05-12T16:51:59.9764306+08:00","level":"INFO","msg":"request completed","requestId":"1778575919976430600-044373","method":"GET","path":"/api/admin/dashboard","status":200,"durationMs":0}
{"time":"2026-05-12T16:51:59.9764306+08:00","level":"INFO","msg":"request completed","requestId":"1778575919976430600-281480","method":"GET","path":"/api/me","status":200,"durationMs":0}
{"time":"2026-05-12T16:51:59.9831076+08:00","level":"INFO","msg":"request completed","requestId":"1778575919982497200-708271","method":"GET","path":"/api/admin/dashboard","status":200,"durationMs":0}
{"time":"2026-05-12T16:51:59.987587+08:00","level":"INFO","msg":"request completed","requestId":"1778575919987081100-074456","method":"GET","path":"/api/admin/dashboard","status":200,"durationMs":0}
{"time":"2026-05-12T16:52:01.996233+08:00","level":"INFO","msg":"request completed","requestId":"1778575921996233000-530279","method":"GET","path":"/api/admin/dashboard","status":200,"durationMs":0}
{"time":"2026-05-12T16:52:02.0008132+08:00","level":"INFO","msg":"request completed","requestId":"1778575922000813200-031627","method":"GET","path":"/api/admin/dashboard","status":200,"durationMs":0}
{"time":"2026-05-12T16:52:23.4789912+08:00","level":"INFO","msg":"request completed","requestId":"1778575943478991200-359455","method":"GET","path":"/api/admin/dashboard","status":200,"durationMs":0}
{"time":"2026-05-12T16:52:23.4843584+08:00","level":"INFO","msg":"request completed","requestId":"1778575943483853100-249867","method":"GET","path":"/api/admin/dashboard","status":200,"durationMs":0}
{"time":"2026-05-12T16:52:24.9379699+08:00","level":"INFO","msg":"request completed","requestId":"1778575944936966300-809337","method":"GET","path":"/api/admin/nodes","status":200,"durationMs":1}
{"time":"2026-05-12T16:52:24.9483163+08:00","level":"INFO","msg":"request completed","requestId":"1778575944948316300-405227","method":"GET","path":"/api/admin/campaigns","status":200,"durationMs":0}
{"time":"2026-05-12T16:52:24.9488197+08:00","level":"INFO","msg":"request completed","requestId":"1778575944948316300-489116","method":"GET","path":"/api/admin/nodes","status":200,"durationMs":0}
{"time":"2026-05-12T16:52:24.9531763+08:00","level":"INFO","msg":"request completed","requestId":"1778575944953176300-789657","method":"GET","path":"/api/admin/campaigns","status":200,"durationMs":0}
{"time":"2026-05-12T16:52:35.5802388+08:00","level":"INFO","msg":"request completed","requestId":"1778575955580238800-242749","method":"GET","path":"/api/admin/projects","status":200,"durationMs":0}
{"time":"2026-05-12T16:52:35.5845822+08:00","level":"INFO","msg":"request completed","requestId":"1778575955584582200-918124","method":"GET","path":"/api/admin/projects","status":200,"durationMs":0}
{"time":"2026-05-12T16:52:47.3603834+08:00","level":"INFO","msg":"request completed","requestId":"1778575967360383400-296532","method":"GET","path":"/api/admin/health","status":200,"durationMs":0}
{"time":"2026-05-12T16:52:47.3734614+08:00","level":"INFO","msg":"request completed","requestId":"1778575967373461400-593439","method":"GET","path":"/api/admin/health","status":200,"durationMs":0}
{"time":"2026-05-12T16:52:58.3038999+08:00","level":"INFO","msg":"request completed","requestId":"1778575978303899900-474794","method":"GET","path":"/api/admin/health","status":200,"durationMs":0}
{"time":"2026-05-12T16:52:58.3171206+08:00","level":"INFO","msg":"request completed","requestId":"1778575978317120600-207529","method":"GET","path":"/api/admin/health","status":200,"durationMs":0}
{"time":"2026-05-12T16:53:05.7770288+08:00","level":"INFO","msg":"request completed","requestId":"1778575985777028800-229249","method":"GET","path":"/api/admin/health","status":200,"durationMs":0}
{"time":"2026-05-12T16:53:05.7770288+08:00","level":"INFO","msg":"request completed","requestId":"1778575985777028800-300098","method":"GET","path":"/api/admin/dashboard","status":200,"durationMs":0}
{"time":"2026-05-12T16:53:05.7825987+08:00","level":"INFO","msg":"request completed","requestId":"1778575985782598700-172181","method":"GET","path":"/api/admin/dashboard","status":200,"durationMs":0}
{"time":"2026-05-12T16:53:05.784161+08:00","level":"INFO","msg":"request completed","requestId":"1778575985783637400-265870","method":"GET","path":"/api/admin/health","status":200,"durationMs":0}
{"time":"2026-05-12T16:57:32.2021006+08:00","level":"INFO","msg":"request completed","requestId":"1778576252202100600-250210","method":"GET","path":"/api/admin/health","status":200,"durationMs":0}
{"time":"2026-05-12T16:57:32.2021006+08:00","level":"INFO","msg":"request completed","requestId":"1778576252202100600-528188","method":"GET","path":"/api/me","status":200,"durationMs":0}
{"time":"2026-05-12T16:57:32.2021006+08:00","level":"INFO","msg":"request completed","requestId":"1778576252202100600-501856","method":"GET","path":"/api/admin/dashboard","status":200,"durationMs":0}
{"time":"2026-05-12T16:57:32.2094579+08:00","level":"INFO","msg":"request completed","requestId":"1778576252209457900-352427","method":"GET","path":"/api/admin/health","status":200,"durationMs":0}
{"time":"2026-05-12T16:57:32.2099619+08:00","level":"INFO","msg":"request completed","requestId":"1778576252209457900-486135","method":"GET","path":"/api/admin/dashboard","status":200,"durationMs":0}
{"time":"2026-05-12T16:57:32.2099619+08:00","level":"INFO","msg":"request completed","requestId":"1778576252209961900-486068","method":"GET","path":"/api/me","status":200,"durationMs":0}
{"time":"2026-05-12T16:57:32.2155807+08:00","level":"INFO","msg":"request completed","requestId":"1778576252215077000-044273","method":"GET","path":"/api/admin/dashboard","status":200,"durationMs":0}
{"time":"2026-05-12T16:57:32.2196643+08:00","level":"INFO","msg":"request completed","requestId":"1778576252219157200-564602","method":"GET","path":"/api/admin/dashboard","status":200,"durationMs":0}
{"time":"2026-05-12T16:57:44.1768316+08:00","level":"INFO","msg":"request completed","requestId":"1778576264176831600-514426","method":"GET","path":"/api/admin/campaigns","status":200,"durationMs":0}
{"time":"2026-05-12T16:57:44.1897354+08:00","level":"INFO","msg":"request completed","requestId":"1778576264189735400-828500","method":"GET","path":"/api/admin/campaigns","status":200,"durationMs":0}
{"time":"2026-05-12T20:58:29.4874781+08:00","level":"INFO","msg":"request completed","requestId":"1778590709483173300-569429","method":"GET","path":"/health","status":200,"durationMs":1}
{"time":"2026-05-12T21:31:21.1903645+08:00","level":"INFO","msg":"request completed","requestId":"1778592681189595400-840446","method":"GET","path":"/health","status":200,"durationMs":0}
