{"time":"2026-05-12T22:17:13.2132399+08:00","level":"INFO","msg":"cdk airdrop server starting","addr":":8088","dataFile":"data\\state.json"}
{"time":"2026-05-12T22:18:30.8228184+08:00","level":"INFO","msg":"request completed","requestId":"1778595510822818400-756868","method":"GET","path":"/health","status":200,"durationMs":0}
{"time":"2026-05-12T22:19:30.8593282+08:00","level":"INFO","msg":"request completed","requestId":"1778595570858644000-047754","method":"GET","path":"/api/admin/nodes","status":200,"durationMs":0}
{"time":"2026-05-12T22:19:30.8690295+08:00","level":"INFO","msg":"request completed","requestId":"1778595570867993100-549967","method":"GET","path":"/api/admin/nodes","status":200,"durationMs":1}
{"time":"2026-05-12T22:19:30.86956+08:00","level":"INFO","msg":"request completed","requestId":"1778595570869560000-176666","method":"GET","path":"/api/admin/campaigns","status":200,"durationMs":0}
{"time":"2026-05-12T22:19:30.8735438+08:00","level":"INFO","msg":"request completed","requestId":"1778595570873543800-515909","method":"GET","path":"/api/me","status":200,"durationMs":0}
{"time":"2026-05-12T22:19:30.8735438+08:00","level":"INFO","msg":"request completed","requestId":"1778595570872685400-432045","method":"GET","path":"/api/admin/dashboard","status":200,"durationMs":0}
{"time":"2026-05-12T22:19:30.8769994+08:00","level":"INFO","msg":"request completed","requestId":"1778595570876999400-686153","method":"GET","path":"/api/admin/campaigns","status":200,"durationMs":0}
{"time":"2026-05-12T22:19:31.1808366+08:00","level":"INFO","msg":"request completed","requestId":"1778595571180241100-913530","method":"GET","path":"/api/admin/dashboard","status":200,"durationMs":0}
{"time":"2026-05-12T22:19:31.1851269+08:00","level":"INFO","msg":"request completed","requestId":"1778595571185126900-561963","method":"GET","path":"/api/me","status":200,"durationMs":0}
{"time":"2026-05-12T22:19:35.7019397+08:00","level":"INFO","msg":"request completed","requestId":"1778595575701939700-519235","method":"GET","path":"/api/admin/nodes/node_fSfZy9SELN","status":200,"durationMs":0}
{"time":"2026-05-12T22:19:35.9688224+08:00","level":"INFO","msg":"request completed","requestId":"1778595575968822400-689985","method":"GET","path":"/api/admin/nodes/node_fSfZy9SELN","status":200,"durationMs":0}
{"time":"2026-05-12T22:19:36.0147773+08:00","level":"INFO","msg":"request completed","requestId":"1778595576014777300-088346","method":"GET","path":"/api/admin/campaigns/1kmLjEejNIom","status":200,"durationMs":0}
{"time":"2026-05-12T22:19:36.0303638+08:00","level":"INFO","msg":"request completed","requestId":"1778595576030363800-201088","method":"GET","path":"/api/admin/campaigns/1kmLjEejNIom","status":200,"durationMs":0}
{"time":"2026-05-12T22:20:13.4900121+08:00","level":"INFO","msg":"request completed","requestId":"1778595613489503900-176169","method":"GET","path":"/api/admin/dashboard","status":200,"durationMs":0}
{"time":"2026-05-12T22:20:13.8047266+08:00","level":"INFO","msg":"request completed","requestId":"1778595613804726600-068442","method":"GET","path":"/api/admin/health","status":200,"durationMs":0}
{"time":"2026-05-12T22:20:13.8059289+08:00","level":"INFO","msg":"request completed","requestId":"1778595613805928900-077427","method":"GET","path":"/api/admin/dashboard","status":200,"durationMs":0}
{"time":"2026-05-12T22:20:14.1193587+08:00","level":"INFO","msg":"request completed","requestId":"1778595614119358700-969391","method":"GET","path":"/api/admin/health","status":200,"durationMs":0}
{"time":"2026-05-12T22:20:15.3909308+08:00","level":"INFO","msg":"request completed","requestId":"1778595615390360400-150712","method":"GET","path":"/api/admin/cdks","status":200,"durationMs":0}
{"time":"2026-05-12T22:20:15.5772912+08:00","level":"INFO","msg":"request completed","requestId":"1778595615577291200-406520","method":"GET","path":"/api/admin/export-tasks","status":200,"durationMs":0}
{"time":"2026-05-12T22:20:15.5779605+08:00","level":"INFO","msg":"request completed","requestId":"1778595615577291200-920266","method":"GET","path":"/api/admin/campaigns","status":200,"durationMs":0}
{"time":"2026-05-12T22:20:15.6553464+08:00","level":"INFO","msg":"request completed","requestId":"1778595615655346400-275565","method":"GET","path":"/api/admin/cdks","status":200,"durationMs":0}
{"time":"2026-05-12T22:20:15.702003+08:00","level":"INFO","msg":"request completed","requestId":"1778595615702003000-457877","method":"GET","path":"/api/admin/campaigns","status":200,"durationMs":0}
{"time":"2026-05-12T22:20:15.8884205+08:00","level":"INFO","msg":"request completed","requestId":"1778595615888420500-570468","method":"GET","path":"/api/admin/export-tasks","status":200,"durationMs":0}
{"time":"2026-05-12T22:20:17.0078171+08:00","level":"INFO","msg":"request completed","requestId":"1778595617007307600-062408","method":"GET","path":"/api/admin/cdks","status":200,"durationMs":0}
{"time":"2026-05-12T22:20:17.3113554+08:00","level":"INFO","msg":"request completed","requestId":"1778595617310478300-214062","method":"GET","path":"/api/admin/campaigns","status":200,"durationMs":0}
{"time":"2026-05-12T22:20:17.3113554+08:00","level":"INFO","msg":"request completed","requestId":"1778595617311355400-232517","method":"GET","path":"/api/admin/export-tasks","status":200,"durationMs":0}
{"time":"2026-05-12T22:20:24.8999057+08:00","level":"INFO","msg":"request completed","requestId":"1778595624895009500-367189","method":"POST","path":"/api/admin/cdks/export","status":200,"durationMs":4}
{"time":"2026-05-12T22:20:25.1428697+08:00","level":"INFO","msg":"request completed","requestId":"1778595625142869700-737804","method":"GET","path":"/api/admin/exports/cdks-20260512-222024.csv","status":401,"durationMs":0}
{"time":"2026-05-12T22:20:25.3005004+08:00","level":"INFO","msg":"request completed","requestId":"1778595625299851800-372515","method":"GET","path":"/api/admin/cdks","status":200,"durationMs":0}
{"time":"2026-05-12T22:20:25.3167157+08:00","level":"INFO","msg":"request completed","requestId":"1778595625316715700-172061","method":"GET","path":"/api/admin/export-tasks","status":200,"durationMs":0}
{"time":"2026-05-12T22:20:25.3167157+08:00","level":"INFO","msg":"request completed","requestId":"1778595625316715700-829123","method":"GET","path":"/api/admin/campaigns","status":200,"durationMs":0}
{"time":"2026-05-12T22:20:34.298741+08:00","level":"INFO","msg":"request completed","requestId":"1778595634297177200-309066","method":"GET","path":"/api/admin/nodes","status":200,"durationMs":1}
{"time":"2026-05-12T22:20:34.2992794+08:00","level":"INFO","msg":"request completed","requestId":"1778595634297177200-154720","method":"GET","path":"/api/admin/campaigns","status":200,"durationMs":2}
{"time":"2026-05-12T22:20:34.5615314+08:00","level":"INFO","msg":"request completed","requestId":"1778595634560776200-743879","method":"GET","path":"/api/admin/nodes","status":200,"durationMs":0}
{"time":"2026-05-12T22:20:34.6086242+08:00","level":"INFO","msg":"request completed","requestId":"1778595634608624200-797259","method":"GET","path":"/api/admin/campaigns","status":200,"durationMs":0}
{"time":"2026-05-12T22:30:37.17077+08:00","level":"INFO","msg":"request completed","requestId":"1778596237170770000-466222","method":"GET","path":"/api/admin/projects","status":200,"durationMs":0}
{"time":"2026-05-12T22:30:37.4252344+08:00","level":"INFO","msg":"request completed","requestId":"1778596237425234400-043670","method":"GET","path":"/api/admin/projects","status":200,"durationMs":0}
{"time":"2026-05-12T22:30:43.0537359+08:00","level":"INFO","msg":"request completed","requestId":"1778596243053223300-460556","method":"GET","path":"/api/admin/claims","status":200,"durationMs":0}
{"time":"2026-05-12T22:30:43.3711179+08:00","level":"INFO","msg":"request completed","requestId":"1778596243371117900-593257","method":"GET","path":"/api/admin/export-tasks","status":200,"durationMs":0}
{"time":"2026-05-12T22:30:43.3716678+08:00","level":"INFO","msg":"request completed","requestId":"1778596243371117900-309330","method":"GET","path":"/api/admin/claims","status":200,"durationMs":0}
{"time":"2026-05-12T22:30:43.3716678+08:00","level":"INFO","msg":"request completed","requestId":"1778596243371117900-383080","method":"GET","path":"/api/admin/nodes","status":200,"durationMs":0}
{"time":"2026-05-12T22:30:43.3716678+08:00","level":"INFO","msg":"request completed","requestId":"1778596243371667800-298283","method":"GET","path":"/api/admin/claims","status":200,"durationMs":0}
{"time":"2026-05-12T22:30:43.3716678+08:00","level":"INFO","msg":"request completed","requestId":"1778596243371667800-739555","method":"GET","path":"/api/admin/campaigns","status":200,"durationMs":0}
{"time":"2026-05-12T22:30:43.6884531+08:00","level":"INFO","msg":"request completed","requestId":"1778596243687948600-741214","method":"GET","path":"/api/admin/nodes","status":200,"durationMs":0}
{"time":"2026-05-12T22:30:43.6884531+08:00","level":"INFO","msg":"request completed","requestId":"1778596243688453100-432553","method":"GET","path":"/api/admin/export-tasks","status":200,"durationMs":0}
{"time":"2026-05-12T22:30:43.6884531+08:00","level":"INFO","msg":"request completed","requestId":"1778596243687948600-321616","method":"GET","path":"/api/admin/campaigns","status":200,"durationMs":0}
{"time":"2026-05-12T22:30:43.9956883+08:00","level":"INFO","msg":"request completed","requestId":"1778596243995157800-722200","method":"GET","path":"/api/admin/nodes","status":200,"durationMs":0}
{"time":"2026-05-12T22:30:43.9956883+08:00","level":"INFO","msg":"request completed","requestId":"1778596243995157800-496978","method":"GET","path":"/api/admin/campaigns","status":200,"durationMs":0}
{"time":"2026-05-12T22:30:44.00846+08:00","level":"INFO","msg":"request completed","requestId":"1778596244008460000-540549","method":"GET","path":"/api/admin/export-tasks","status":200,"durationMs":0}
{"time":"2026-05-12T22:30:48.5299143+08:00","level":"INFO","msg":"request completed","requestId":"1778596248529914300-873067","method":"GET","path":"/api/admin/claims","status":200,"durationMs":0}
{"time":"2026-05-12T22:30:48.5304283+08:00","level":"INFO","msg":"request completed","requestId":"1778596248530428300-264663","method":"GET","path":"/api/admin/campaigns","status":200,"durationMs":0}
{"time":"2026-05-12T22:30:48.5304283+08:00","level":"INFO","msg":"request completed","requestId":"1778596248530428300-505154","method":"GET","path":"/api/admin/nodes","status":200,"durationMs":0}
{"time":"2026-05-12T22:30:48.5304283+08:00","level":"INFO","msg":"request completed","requestId":"1778596248530428300-729464","method":"GET","path":"/api/admin/export-tasks","status":200,"durationMs":0}
{"time":"2026-05-12T22:30:49.4925067+08:00","level":"INFO","msg":"request completed","requestId":"1778596249492506700-783947","method":"GET","path":"/api/admin/claims","status":200,"durationMs":0}
{"time":"2026-05-12T22:30:49.8084884+08:00","level":"INFO","msg":"request completed","requestId":"1778596249808488400-451883","method":"GET","path":"/api/admin/campaigns","status":200,"durationMs":0}
{"time":"2026-05-12T22:30:49.8095134+08:00","level":"INFO","msg":"request completed","requestId":"1778596249808991700-767162","method":"GET","path":"/api/admin/nodes","status":200,"durationMs":0}
{"time":"2026-05-12T22:30:49.8101472+08:00","level":"INFO","msg":"request completed","requestId":"1778596249810147200-480825","method":"GET","path":"/api/admin/export-tasks","status":200,"durationMs":0}
{"time":"2026-05-12T22:31:07.8855782+08:00","level":"INFO","msg":"shutdown signal received"}
{"time":"2026-05-12T22:31:07.8886848+08:00","level":"INFO","msg":"server stopped"}
