
> cdk-airdrop-station-web@0.1.0 dev
> vite --host 127.0.0.1


  [32m[1mVITE[22m v7.3.2[39m  [2mready in [0m[1m673[22m[2m[0m ms[22m

  [32m➜[39m  [1mLocal[22m:   [36mhttp://127.0.0.1:[1m5173[22m/[39m
[2m[32m  ➜[39m[22m[2m  press [22m[1mh + enter[22m[2m to show help[22m
[2m21:36:31[22m [36m[1m[vite][22m[39m [90m[2m(client)[22m[39m [32mhmr update [39m[2m/src/pages/ClaimPage.jsx, /src/index.css[22m
[2m21:36:43[22m [36m[1m[vite][22m[39m [90m[2m(client)[22m[39m [32mhmr update [39m[2m/src/App.jsx, /src/index.css[22m
[2m21:37:37[22m [36m[1m[vite][22m[39m [90m[2m(client)[22m[39m [32mhmr update [39m[2m/src/index.css, /src/pages/admin/ProjectCreatePage.jsx[22m
[2m21:38:15[22m [36m[1m[vite][22m[39m [90m[2m(client)[22m[39m [32mhmr update [39m[2m/src/pages/admin/DashboardPage.jsx, /src/index.css[22m
[2m21:38:52[22m [36m[1m[vite][22m[39m [90m[2m(client)[22m[39m [32mhmr update [39m[2m/src/index.css[22m
[2m21:39:11[22m [36m[1m[vite][22m[39m [90m[2m(client)[22m[39m [32mhmr update [39m[2m/src/pages/admin/CampaignListPage.jsx, /src/index.css[22m
[2m21:39:39[22m [36m[1m[vite][22m[39m [90m[2m(client)[22m[39m [32mhmr update [39m[2m/src/pages/admin/NodeListPage.jsx, /src/index.css[22m
[2m21:40:36[22m [36m[1m[vite][22m[39m [90m[2m(client)[22m[39m [32mhmr update [39m[2m/src/pages/admin/PlaceholderAdminPage.jsx, /src/index.css[22m
[2m22:06:35[22m [36m[1m[vite][22m[39m [90m[2m(client)[22m[39m [32mpage reload [39m[2mdist/index.html[22m
[2m22:06:36[22m [36m[1m[vite][22m[39m [90m[2m(client)[22m[39m [32mpage reload [39m[2mdist/index.html[22m
[2m22:10:16[22m [36m[1m[vite][22m[39m [90m[2m(client)[22m[39m [32mhmr update [39m[2m/src/index.css, /src/layouts/AdminLayout.jsx, /src/pages/LoginPage.jsx, /src/pages/admin/SettingsPage.jsx, /src/pages/admin/CampaignListPage.jsx, /src/pages/ClaimPage.jsx, /src/pages/RegisterPage.jsx, /src/pages/admin/NodeDetailPage.jsx, /src/pages/admin/DashboardPage.jsx, /src/pages/admin/ProjectListPage.jsx, /src/pages/admin/NodeListPage.jsx, /src/pages/admin/ProjectDetailPage.jsx, /src/pages/admin/PlaceholderAdminPage.jsx, /src/pages/admin/ProjectCreatePage.jsx[22m
[2m22:10:46[22m [36m[1m[vite][22m[39m [90m[2m(client)[22m[39m [32mhmr update [39m[2m/src/pages/admin/CampaignListPage.jsx, /src/index.css[22m
[2m22:11:00[22m [36m[1m[vite][22m[39m [90m[2m(client)[22m[39m [32mhmr update [39m[2m/src/pages/admin/CampaignListPage.jsx, /src/index.css[22m
[2m22:13:45[22m [36m[1m[vite][22m[39m [90m[2m(client)[22m[39m [32mhmr update [39m[2m/src/pages/admin/PlaceholderAdminPage.jsx, /src/index.css[22m
[2m22:14:39[22m [36m[1m[vite][22m[39m [90m[2m(client)[22m[39m [32mhmr update [39m[2m/src/pages/admin/PlaceholderAdminPage.jsx, /src/index.css[22m
[2m22:15:06[22m [36m[1m[vite][22m[39m [90m[2m(client)[22m[39m [32mhmr update [39m[2m/src/pages/admin/SettingsPage.jsx, /src/index.css[22m
[2m22:16:05[22m [36m[1m[vite][22m[39m [90m[2m(client)[22m[39m [32mpage reload [39m[2mdist/index.html[22m
[2m22:16:05[22m [36m[1m[vite][22m[39m [90m[2m(client)[22m[39m [32mpage reload [39m[2mdist/index.html[22m
